Scenario: agathas_room_exit_block_open
Description: Agatha's exit block resolves to the open layout after she is defeated.
Character: ScriptSimAgathaExitOpen

Initial state
  location: AGATHAS_ROOM[247] (4,7)
  flags: EVENT_BEAT_AGATHAS_ROOM_TRAINER_0
  party:
    none
  inventory:
    none
  hidden objects:
    none
  active battle:
    none

Resolved script
  label: TileState:AGATHAS_ROOM
  map: AGATHAS_ROOM
  trigger: tile_state

Actions
  - tileState: 4 event tiles

Final state
  location: AGATHAS_ROOM[247] (4,7)
  flags: EVENT_BEAT_AGATHAS_ROOM_TRAINER_0
  party:
    none
  inventory:
    none
  hidden objects:
    none
  active battle:
    none

Event tile states
  AgathaExitBlockOpen_0_0 (0,4): tile=484 collision=1
  AgathaExitBlockOpen_0_1 (0,5): tile=484 collision=1
  AgathaExitBlockOpen_1_0 (1,4): tile=484 collision=1
  AgathaExitBlockOpen_1_1 (1,5): tile=484 collision=1
