Scenario: bike_shop_exchange_voucher
Description: The Bike Shop clerk exchanges the Bike Voucher for a Bicycle.
Character: ScriptSimBikeShopExchange

Initial state
  location: BIKE_SHOP[66] (6,4)
  flags: EVENT_GOT_BIKE_VOUCHER
  party:
    slot 0: #5 CHARMELEON L25 moves EMBER, EMBER, LEER, RAGE
  inventory:
    #45 BIKE VOUCHER x1
  hidden objects:
    none
  active battle:
    none

Resolved script
  label: BikeShopClerkVoucherExchange
  map: BIKE_SHOP
  trigger: npc_click

Actions
  - lockInput
  - dialogue:  [Oh, that's... A BIKE VOUCHER! OK! Here you go!]
  - giveItem *: BICYCLE x1 added
  - takeItem *: BIKE VOUCHER x1 removed
  - setFlag *: EVENT_GOT_BICYCLE
  - dialogue:  [(PLAYER) exchanged
the BIKE VOUCHER for a BICYCLE.]
  - playSFX: SFX_GET_KEY_ITEM
  - unlockInput

Final state
  location: BIKE_SHOP[66] (6,4)
  flags: EVENT_GOT_BICYCLE, EVENT_GOT_BIKE_VOUCHER
  party:
    slot 0: #5 CHARMELEON L25 moves EMBER, EMBER, LEER, RAGE
  inventory:
    #6 BICYCLE x1
  hidden objects:
    none
  active battle:
    none
