Scenario: celadon_mart_3f_tm18_counter
Description: The Celadon Mart 3F clerk gives TM18 Counter.
Character: ScriptSimCeladonMartTM18

Initial state
  location: CELADON_MART_3F[124] (16,6)
  flags: EVENT_GOT_POKEDEX
  party:
    slot 0: #6 CHARIZARD L34 moves LEER, EMBER, LEER, RAGE
  inventory:
    none
  hidden objects:
    none
  active battle:
    none

Resolved script
  label: CeladonMart3FClerkTextGift
  map: CELADON_MART_3F
  trigger: npc_click

Actions
  - lockInput
  - dialogue:  [Oh, hi! I finally
finished POKÉMON! Not done yet?
This might be useful!]
  - giveItem *: TM18 x1 added
  - playSFX: SFX_GET_ITEM_1
  - setFlag *: EVENT_GOT_TM18
  - unlockInput

Final state
  location: CELADON_MART_3F[124] (16,6)
  flags: EVENT_GOT_POKEDEX, EVENT_GOT_TM18
  party:
    slot 0: #6 CHARIZARD L34 moves LEER, EMBER, LEER, RAGE
  inventory:
    #106 TM18 x1
  hidden objects:
    none
  active battle:
    none
