Scenario: celadon_city_tm41_softboiled
Description: The Celadon City Gramps3 NPC grants TM41 Softboiled.
Character: ScriptSimCeladonTM41

Initial state
  location: CELADON_CITY[9999] (122,-110)
  flags: EVENT_GOT_RAINBOWBADGE
  party:
    slot 0: #6 CHARIZARD L35 moves LEER, EMBER, LEER, RAGE
  inventory:
    none
  hidden objects:
    none
  active battle:
    none

Resolved script
  label: CeladonCityGramps3TextGift
  map: CELADON_CITY
  trigger: npc_click

Actions
  - lockInput
  - dialogue:  [Hello, there! I've seen you,
but I never had a chance to talk! Here's a gift for
dropping by!]
  - giveItem *: TM41 x1 added
  - playSFX: SFX_GET_ITEM_1
  - setFlag *: EVENT_GOT_TM41
  - unlockInput

Final state
  location: CELADON_CITY[9999] (122,-110)
  flags: EVENT_GOT_RAINBOWBADGE, EVENT_GOT_TM41
  party:
    slot 0: #6 CHARIZARD L35 moves LEER, EMBER, LEER, RAGE
  inventory:
    #129 TM41 x1
  hidden objects:
    none
  active battle:
    none
