Scenario: celadon_diner_coin_case
Description: The Celadon Diner Gym Guide gives the Coin Case before Game Corner play.
Character: ScriptSimCeladonDinerCoinCase

Initial state
  location: CELADON_DINER[138] (1,2)
  flags: none
  party:
    none
  inventory:
    none
  hidden objects:
    none
  active battle:
    none

Resolved script
  label: CeladonDinerGymGuideTextGift
  map: CELADON_DINER
  trigger: npc_click

Actions
  - lockInput
  - dialogue:  [Go ahead! Laugh! I'm flat out
busted! No more slots for
me! I'm going straight! Here! I won't be
needing this any- more! I always thought
I was going to win it back...]
  - giveItem *: COIN CASE x1 added
  - playSFX: SFX_GET_KEY_ITEM
  - setFlag *: EVENT_GOT_COIN_CASE
  - unlockInput

Final state
  location: CELADON_DINER[138] (1,2)
  flags: EVENT_GOT_COIN_CASE
  party:
    none
  inventory:
    #69 COIN CASE x1
  hidden objects:
    none
  active battle:
    none
