Scenario: cerulean_rival_charmander_win
Description: Win the Cerulean bridge rival battle after choosing Charmander and verify persistent cleanup.
Character: ScriptSimCeruleanRivalCharmanderWin

Initial state
  location: CERULEAN_CITY[9999] (190,-192)
  flags: EVENT_GOT_POKEDEX, EVENT_PLAYER_CHOSE_CHARMANDER
  party:
    slot 0: #4 CHARMANDER L18 moves SCRATCH, GROWL, EMBER, LEER
  inventory:
    #9 POKéDEX x1
  hidden objects:
    none
  active battle:
    none

Resolved script
  label: CeruleanCityRivalEncounter
  map: CERULEAN_CITY
  trigger: coord

Actions
  - lockInput
  - showActor
  - move: RIVAL [DOWN DOWN DOWN]
  - facePlayer
  - dialogue: RIVAL [{RIVAL}: Yo!
(PLAYER)! You're still
struggling along back here? I'm doing great!
I caught a bunch of strong and smart POKÉMON! Here, let me see
what you caught, (PLAYER)!]
  - startTrainerBattle *: RIVAL1 party=7 enemy=[#17 PIDGEOTTO L18 #63 ABRA L15 #19 RATTATA L15 #7 SQUIRTLE L17] winFlag=EVENT_BEAT_CERULEAN_RIVAL
  - unlockInput
  - resolveBattle *: win trainer=RIVAL1 winFlag=EVENT_BEAT_CERULEAN_RIVAL
  - dialogue: RIVAL [Hey!
Take it easy! You won already! {RIVAL}: Hey,
guess what? I went to BILL's
and got him to show me his rare POKÉMON! That added a lot
of pages to my POKÉDEX! After all, BILL's
world famous as a POKÉMANIAC! He invented the
POKÉMON Storage System on PC! Since you're using
his system, go thank him! Well, I better
get rolling! Smell ya later!]
  - move: RIVAL [DOWN DOWN DOWN DOWN DOWN DOWN DOWN]
  - hideObject *: objects=[TEXT_CERULEANCITY_RIVAL]
  - setFlag *: EVENT_CERULEAN_RIVAL_LEFT

Final state
  location: CERULEAN_CITY[9999] (190,-192)
  flags: EVENT_BEAT_CERULEAN_RIVAL, EVENT_CERULEAN_RIVAL_LEFT, EVENT_GOT_POKEDEX, EVENT_PLAYER_CHOSE_CHARMANDER
  party:
    slot 0: #4 CHARMANDER L18 moves SCRATCH, GROWL, EMBER, LEER
  inventory:
    #9 POKéDEX x1
  hidden objects:
    TEXT_CERULEANCITY_RIVAL
  active battle:
    none
