Scenario: cinnabar_lab_fossil_room_sailor_trade_ready
Description: Cinnabar Lab Fossil Room scientist is ready to trade Seel named SAILOR for Ponyta.
Character: ScriptSimCinnabarSailorTrade

Initial state
  location: CINNABAR_LAB_FOSSIL_ROOM[170] (7,5)
  flags: none
  party:
    slot 0: #77 PONYTA L25 moves EMBER
  inventory:
    none
  hidden objects:
    none
  active battle:
    none

Resolved script
  label: FixtureState
  map: CINNABAR_LAB_FOSSIL_ROOM
  trigger: fixture_state

Actions

Final state
  location: CINNABAR_LAB_FOSSIL_ROOM[170] (7,5)
  flags: none
  party:
    slot 0: #77 PONYTA L25 moves EMBER
  inventory:
    none
  hidden objects:
    none
  active battle:
    none
