Scenario: cinnabar_gym_quiz_5_correct
Description: Cinnabar Gym quiz 5 accepts YES and unlocks gate 5 without a trainer battle.
Character: ScriptSimCinnabarQuiz5Correct

Initial state
  location: CINNABAR_GYM[166] (1,13)
  flags: none
  party:
    slot 0: #9 BLASTOISE L50 moves WATER_GUN, BITE, WITHDRAW, SKULL_BASH
  inventory:
    none
  hidden objects:
    none
  active battle:
    none

Resolved script
  label: DialogueChoice:TEXT_CINNABARGYM_QUIZ_5
  map: CINNABAR_GYM
  trigger: dialogue_choice

Actions
  - dialogueChoice *: TEXT_CINNABARGYM_QUIZ_5 choice=true
  - setFlag *: EVENT_CINNABAR_GYM_GATE5_UNLOCKED

Final state
  location: CINNABAR_GYM[166] (1,13)
  flags: EVENT_CINNABAR_GYM_GATE5_UNLOCKED
  party:
    slot 0: #9 BLASTOISE L50 moves WATER_GUN, BITE, WITHDRAW, SKULL_BASH
  inventory:
    none
  hidden objects:
    none
  active battle:
    none
