Scenario: cinnabar_gym_quiz_1_wrong_battle_win
Description: Cinnabar Gym quiz 1 wrong NO answer starts Burglar party 4 and opens gate 1 after victory.
Character: ScriptSimCinnabarQuiz1Wrong

Initial state
  location: CINNABAR_GYM[166] (15,7)
  flags: none
  party:
    slot 0: #9 BLASTOISE L50 moves WATER_GUN, BITE, WITHDRAW, SKULL_BASH
  inventory:
    none
  hidden objects:
    none
  active battle:
    none

Resolved script
  label: DialogueChoice:TEXT_CINNABARGYM_QUIZ_1
  map: CINNABAR_GYM
  trigger: dialogue_choice

Actions
  - dialogueChoice *: TEXT_CINNABARGYM_QUIZ_1 choice=false
  - startTrainerBattle *: BURGLAR party=4 enemy=[#58 GROWLITHE L36 #37 VULPIX L36 #38 NINETALES L36] winFlag=EVENT_BEAT_CINNABAR_GYM_TRAINER_1
  - resolveBattle *: win trainer=BURGLAR winFlag=EVENT_BEAT_CINNABAR_GYM_TRAINER_1
  - setFlag *: EVENT_CINNABAR_GYM_GATE1_UNLOCKED

Final state
  location: CINNABAR_GYM[166] (15,7)
  flags: EVENT_BEAT_CINNABAR_GYM_TRAINER_1, EVENT_CINNABAR_GYM_GATE1_UNLOCKED
  party:
    slot 0: #9 BLASTOISE L50 moves WATER_GUN, BITE, WITHDRAW, SKULL_BASH
  inventory:
    none
  hidden objects:
    none
  active battle:
    none
