Scenario: cinnabar_lab_submit_helix_fossil
Description: Submitting Helix Fossil removes it from inventory and starts Omanyte revival.
Character: ScriptSimCinnabarSubmitHelix

Initial state
  location: CINNABAR_LAB_FOSSIL_ROOM[170] (5,3)
  flags: EVENT_GOT_HELIX_FOSSIL
  party:
    slot 0: #25 PIKACHU L35 moves THUNDER_WAVE, QUICK_ATTACK, SWIFT, AGILITY
  inventory:
    #42 HELIX FOSSIL x1
  hidden objects:
    none
  active battle:
    none

Resolved script
  label: CinnabarLabSubmitHelixFossil
  map: CINNABAR_LAB_FOSSIL_ROOM
  trigger: npc_click

Actions
  - lockInput
  - dialogue: DOCTOR [Hiya! I am important doctor! I study here rare POKEMON fossils! You! Have you a fossil for me? Oh! That is HELIX FOSSIL! It is fossil of OMANYTE, a POKEMON that is already extinct! My Resurrection Machine will make that POKEMON live again!]
  - choice: TEXT_CINNABARLABFOSSILROOM_SCIENTIST1 "Give HELIX FOSSIL?" choice=true
  - dialogue: DOCTOR [So! You hurry and give me that! (PLAYER) handed over HELIX FOSSIL!]
  - takeItem *: HELIX FOSSIL x1 removed
  - dialogue: DOCTOR [I take a little time! You go for walk a little while!]
  - setFlag *: EVENT_GAVE_FOSSIL_TO_LAB
  - setFlag *: EVENT_LAB_STILL_REVIVING_FOSSIL
  - setFlag *: EVENT_LAB_REVIVING_HELIX_FOSSIL
  - unlockInput

Final state
  location: CINNABAR_LAB_FOSSIL_ROOM[170] (5,3)
  flags: EVENT_GAVE_FOSSIL_TO_LAB, EVENT_GOT_HELIX_FOSSIL, EVENT_LAB_REVIVING_HELIX_FOSSIL, EVENT_LAB_STILL_REVIVING_FOSSIL
  party:
    slot 0: #25 PIKACHU L35 moves THUNDER_WAVE, QUICK_ATTACK, SWIFT, AGILITY
  inventory:
    none
  hidden objects:
    none
  active battle:
    none
