Scenario: cinnabar_gym_map_load_reset
Description: The generated Cinnabar Gym map-load script resets the temporary EVENT_2A7 flag.
Character: ScriptSimCinnabarGymMapLoadReset

Initial state
  location: CINNABAR_GYM[166] (5,17)
  flags: EVENT_2A7
  party:
    slot 0: #25 PIKACHU L35 moves THUNDER_WAVE, QUICK_ATTACK, SWIFT, AGILITY
  inventory:
    none
  hidden objects:
    none
  active battle:
    none

Resolved script
  label: CinnabarGymMapLoadReset
  map: CINNABAR_GYM
  trigger: map_script

Actions
  - resetFlag *: EVENT_2A7

Final state
  location: CINNABAR_GYM[166] (5,17)
  flags: none
  party:
    slot 0: #25 PIKACHU L35 moves THUNDER_WAVE, QUICK_ATTACK, SWIFT, AGILITY
  inventory:
    none
  hidden objects:
    none
  active battle:
    none
