Scenario: cinnabar_lab_trade_room_doris_trade_ready
Description: Cinnabar Lab Trade Room Gramps is ready to trade Electrode named DORIS for Raichu.
Character: ScriptSimCinnabarDorisTrade

Initial state
  location: CINNABAR_LAB_TRADE_ROOM[168] (1,5)
  flags: none
  party:
    slot 0: #26 RAICHU L30 moves THUNDERSHOCK, GROWL
  inventory:
    none
  hidden objects:
    none
  active battle:
    none

Resolved script
  label: FixtureState
  map: CINNABAR_LAB_TRADE_ROOM
  trigger: fixture_state

Actions

Final state
  location: CINNABAR_LAB_TRADE_ROOM[168] (1,5)
  flags: none
  party:
    slot 0: #26 RAICHU L30 moves THUNDERSHOCK, GROWL
  inventory:
    none
  hidden objects:
    none
  active battle:
    none
