Scenario: cinnabar_lab_receive_omanyte
Description: After Helix Fossil revival is ready, the scientist gives Omanyte L30 and clears the active revival state.
Character: ScriptSimCinnabarReceiveOmanyte

Initial state
  location: CINNABAR_LAB_FOSSIL_ROOM[170] (5,3)
  flags: EVENT_GAVE_FOSSIL_TO_LAB, EVENT_LAB_REVIVING_HELIX_FOSSIL
  party:
    slot 0: #25 PIKACHU L35 moves THUNDER_WAVE, QUICK_ATTACK, SWIFT, AGILITY
  inventory:
    none
  hidden objects:
    none
  active battle:
    none

Resolved script
  label: CinnabarLabReceiveOmanyte
  map: CINNABAR_LAB_FOSSIL_ROOM
  trigger: npc_click

Actions
  - lockInput
  - dialogue: DOCTOR [Where were you? Your fossil is back to life! It was OMANYTE like I think!]
  - givePokemon *: OMANYTE L30 added to party
  - resetFlag *: EVENT_GAVE_FOSSIL_TO_LAB
  - resetFlag *: EVENT_LAB_STILL_REVIVING_FOSSIL
  - resetFlag *: EVENT_LAB_REVIVING_HELIX_FOSSIL
  - unlockInput

Final state
  location: CINNABAR_LAB_FOSSIL_ROOM[170] (5,3)
  flags: none
  party:
    slot 0: #25 PIKACHU L35 moves THUNDER_WAVE, QUICK_ATTACK, SWIFT, AGILITY
    slot 1: #138 OMANYTE L30 moves WITHDRAW
  inventory:
    none
  hidden objects:
    none
  active battle:
    none
