Scenario: cinnabar_lab_tm35_metronome
Description: The Cinnabar Lab Metronome room scientist grants TM35.
Character: ScriptSimCinnabarTM35

Initial state
  location: CINNABAR_LAB_METRONOME_ROOM[169] (7,3)
  flags: EVENT_GOT_VOLCANOBADGE
  party:
    slot 0: #6 CHARIZARD L48 moves LEER, RAGE, SLASH, FLAMETHROWER
  inventory:
    none
  hidden objects:
    none
  active battle:
    none

Resolved script
  label: CinnabarLabMetronomeRoomScientist1TextGift
  map: CINNABAR_LAB_METRONOME_ROOM
  trigger: npc_click

Actions
  - lockInput
  - dialogue:  [Tch-tch-tch!
I made a cool TM! It can cause all
kinds of fun!]
  - giveItem *: TM35 x1 added
  - playSFX: SFX_GET_ITEM_1
  - setFlag *: EVENT_GOT_TM35
  - unlockInput

Final state
  location: CINNABAR_LAB_METRONOME_ROOM[169] (7,3)
  flags: EVENT_GOT_TM35, EVENT_GOT_VOLCANOBADGE
  party:
    slot 0: #6 CHARIZARD L48 moves LEER, RAGE, SLASH, FLAMETHROWER
  inventory:
    #123 TM35 x1
  hidden objects:
    none
  active battle:
    none
