Scenario: copycats_house_tm31_trade
Description: Copycat trades a Poke Doll for TM31 Mimic.
Character: ScriptSimCopycatTM31

Initial state
  location: COPYCATS_HOUSE_2F[176] (4,4)
  flags: none
  party:
    slot 0: #6 CHARIZARD L35 moves LEER, EMBER, LEER, RAGE
  inventory:
    #51 POKé DOLL x1
  hidden objects:
    none
  active battle:
    none

Resolved script
  label: CopycatsHouse2FCopycatTM31Reward
  map: COPYCATS_HOUSE_2F
  trigger: npc_click

Actions
  - lockInput
  - dialogue:  [(PLAYER): Hi! Do
you like POKÉMON? (PLAYER): Uh no, I
just asked you. (PLAYER): Huh?
You're strange! COPYCAT: Hmm?
Quit mimicking? But, that's my
favorite hobby!]
  - dialogue:  [Oh wow!
A POKÉ DOLL! For me?
Thank you! You can have
this, then!]
  - giveItem *: TM31 x1 added
  - dialogue:  [(PLAYER) received
TM31!]
  - playSFX: SFX_GET_ITEM_1
  - takeItem *: POKé DOLL x1 removed
  - setFlag *: EVENT_GOT_TM31
  - unlockInput

Final state
  location: COPYCATS_HOUSE_2F[176] (4,4)
  flags: EVENT_GOT_TM31
  party:
    slot 0: #6 CHARIZARD L35 moves LEER, EMBER, LEER, RAGE
  inventory:
    #119 TM31 x1
  hidden objects:
    none
  active battle:
    none
