Scenario: debug_warp_reds_house_1f_exit_mat
Description: Debug setup: stand on Red's House 1F exit mat.
Character: DebugWarpRedsHouseExitMat

Initial state
  location: REDS_HOUSE_1F[37] (2,7)
  flags: none
  party:
    slot 0: #25 PIKACHU L25 moves THUNDERSHOCK, GROWL, THUNDER_WAVE, QUICK_ATTACK
  inventory:
    none
  hidden objects:
    none
  active battle:
    none

Resolved script
  label: FixtureState
  map: REDS_HOUSE_1F
  trigger: fixture_state

Actions

Final state
  location: REDS_HOUSE_1F[37] (2,7)
  flags: none
  party:
    slot 0: #25 PIKACHU L25 moves THUNDERSHOCK, GROWL, THUNDER_WAVE, QUICK_ATTACK
  inventory:
    none
  hidden objects:
    none
  active battle:
    none
