Scenario: debug_inventory_potion_ready
Description: Debug setup: open-world character with a Potion in inventory.
Character: DebugInventoryPotionReady

Initial state
  location: PALLET_TOWN[9999] (9,4)
  flags: none
  party:
    slot 0: #25 PIKACHU L5 moves THUNDERSHOCK, GROWL
  inventory:
    #20 POTION x1
  hidden objects:
    none
  active battle:
    none

Resolved script
  label: FixtureState
  map: PALLET_TOWN
  trigger: fixture_state

Actions

Final state
  location: PALLET_TOWN[9999] (9,4)
  flags: none
  party:
    slot 0: #25 PIKACHU L5 moves THUNDERSHOCK, GROWL
  inventory:
    #20 POTION x1
  hidden objects:
    none
  active battle:
    none
