Scenario: debug_inventory_old_rod_water_ready
Description: Debug setup: stand on Pallet shore facing water with an Old Rod.
Character: DebugInventoryOldRodWaterReady

Initial state
  location: PALLET_TOWN[9999] (3,17)
  flags: none
  party:
    slot 0: #25 PIKACHU L5 moves THUNDERSHOCK, GROWL
  inventory:
    #76 OLD ROD x1
  hidden objects:
    none
  active battle:
    none

Resolved script
  label: FixtureState
  map: PALLET_TOWN
  trigger: fixture_state

Actions

Final state
  location: PALLET_TOWN[9999] (3,17)
  flags: none
  party:
    slot 0: #25 PIKACHU L5 moves THUNDERSHOCK, GROWL
  inventory:
    #76 OLD ROD x1
  hidden objects:
    none
  active battle:
    none
