Scenario: debug_warp_cinnabar_lab_fossil_door
Description: Debug setup: stand at the Cinnabar Lab fossil room door in the lobby.
Character: DebugWarpCinnabarLabFossilDoor

Initial state
  location: CINNABAR_LAB[167] (16,5)
  flags: none
  party:
    slot 0: #25 PIKACHU L25 moves THUNDERSHOCK, GROWL, THUNDER_WAVE, QUICK_ATTACK
  inventory:
    none
  hidden objects:
    none
  active battle:
    none

Resolved script
  label: FixtureState
  map: CINNABAR_LAB
  trigger: fixture_state

Actions

Final state
  location: CINNABAR_LAB[167] (16,5)
  flags: none
  party:
    slot 0: #25 PIKACHU L25 moves THUNDERSHOCK, GROWL, THUNDER_WAVE, QUICK_ATTACK
  inventory:
    none
  hidden objects:
    none
  active battle:
    none
