Scenario: debug_warp_underground_path_route6_exit_mat
Description: Debug setup: stand on Underground Path Route 6's left exit mat.
Character: DebugWarpUndergroundPathRoute6ExitMat

Initial state
  location: UNDERGROUND_PATH_ROUTE_6[74] (3,7)
  flags: none
  party:
    slot 0: #25 PIKACHU L25 moves THUNDERSHOCK, GROWL, THUNDER_WAVE, QUICK_ATTACK
  inventory:
    none
  hidden objects:
    none
  active battle:
    none

Resolved script
  label: FixtureState
  map: UNDERGROUND_PATH_ROUTE_6
  trigger: fixture_state

Actions

Final state
  location: UNDERGROUND_PATH_ROUTE_6[74] (3,7)
  flags: none
  party:
    slot 0: #25 PIKACHU L25 moves THUNDERSHOCK, GROWL, THUNDER_WAVE, QUICK_ATTACK
  inventory:
    none
  hidden objects:
    none
  active battle:
    none
