Scenario: debug_warp_cinnabar_lab_lobby_exit
Description: Debug setup: stand on Cinnabar Lab lobby's left exit mat.
Character: DebugWarpCinnabarLabLobbyExit

Initial state
  location: CINNABAR_LAB[167] (2,7)
  flags: none
  party:
    slot 0: #25 PIKACHU L25 moves THUNDERSHOCK, GROWL, THUNDER_WAVE, QUICK_ATTACK
  inventory:
    none
  hidden objects:
    none
  active battle:
    none

Resolved script
  label: FixtureState
  map: CINNABAR_LAB
  trigger: fixture_state

Actions

Final state
  location: CINNABAR_LAB[167] (2,7)
  flags: none
  party:
    slot 0: #25 PIKACHU L25 moves THUNDERSHOCK, GROWL, THUNDER_WAVE, QUICK_ATTACK
  inventory:
    none
  hidden objects:
    none
  active battle:
    none
