Scenario: debug_warp_viridian_mart_exit_mat
Description: Debug setup: stand on Viridian Mart's left exit mat.
Character: DebugWarpViridianMartExitMat

Initial state
  location: VIRIDIAN_MART[42] (3,7)
  flags: EVENT_GOT_OAKS_PARCEL
  party:
    slot 0: #25 PIKACHU L25 moves THUNDERSHOCK, GROWL, THUNDER_WAVE, QUICK_ATTACK
  inventory:
    none
  hidden objects:
    none
  active battle:
    none

Resolved script
  label: FixtureState
  map: VIRIDIAN_MART
  trigger: fixture_state

Actions

Final state
  location: VIRIDIAN_MART[42] (3,7)
  flags: EVENT_GOT_OAKS_PARCEL
  party:
    slot 0: #25 PIKACHU L25 moves THUNDERSHOCK, GROWL, THUNDER_WAVE, QUICK_ATTACK
  inventory:
    none
  hidden objects:
    none
  active battle:
    none
