Scenario: debug_warp_oaks_lab_exit_mat
Description: Debug setup: stand near Oak's Lab's left exit mat.
Character: DebugWarpOaksLabExitMat

Initial state
  location: OAKS_LAB[40] (4,10)
  flags: EVENT_BATTLED_RIVAL_IN_OAKS_LAB, EVENT_GOT_STARTER, EVENT_OAKS_LAB_RIVAL_EXITED, EVENT_OAK_ASKED_TO_CHOOSE_MON, EVENT_PLAYER_CHOSE_CHARMANDER, EVENT_RIVAL_PICKED_STARTER
  party:
    slot 0: #25 PIKACHU L25 moves THUNDERSHOCK, GROWL, THUNDER_WAVE, QUICK_ATTACK
  inventory:
    none
  hidden objects:
    none
  active battle:
    none

Resolved script
  label: FixtureState
  map: OAKS_LAB
  trigger: fixture_state

Actions

Final state
  location: OAKS_LAB[40] (4,10)
  flags: EVENT_BATTLED_RIVAL_IN_OAKS_LAB, EVENT_GOT_STARTER, EVENT_OAKS_LAB_RIVAL_EXITED, EVENT_OAK_ASKED_TO_CHOOSE_MON, EVENT_PLAYER_CHOSE_CHARMANDER, EVENT_RIVAL_PICKED_STARTER
  party:
    slot 0: #25 PIKACHU L25 moves THUNDERSHOCK, GROWL, THUNDER_WAVE, QUICK_ATTACK
  inventory:
    none
  hidden objects:
    none
  active battle:
    none
