Scenario: fixture_party_detailed_state
Description: Scenario fixtures can seed detailed party Pokemon state for future battle and script tests.
Character: ScriptSimFixturePartyDetails

Initial state
  location: PALLET_TOWN[9999] (5,6)
  flags: none
  party:
    slot 0: #25 PIKACHU L30 moves THUNDERBOLT(3/15), QUICK_ATTACK(0/30) hp=12/69 status=PAR exp=9000
  inventory:
    none
  hidden objects:
    none
  active battle:
    none

Resolved script
  label: FixtureState
  map: PALLET_TOWN
  trigger: fixture_state

Actions

Final state
  location: PALLET_TOWN[9999] (5,6)
  flags: none
  party:
    slot 0: #25 PIKACHU L30 moves THUNDERBOLT(3/15), QUICK_ATTACK(0/30) hp=12/69 status=PAR exp=9000
  inventory:
    none
  hidden objects:
    none
  active battle:
    none
