Scenario: fuchsia_city_fossil_sign_helix
Description: The Fuchsia zoo fossil sign shows Kabuto text when only the Helix Fossil branch flag is set.
Character: ScriptSimFuchsiaFossilSignHelix

Initial state
  location: FUCHSIA_CITY[9999] (26,13)
  flags: EVENT_GOT_HELIX_FOSSIL
  party:
    slot 0: #25 PIKACHU L20 moves THUNDERSHOCK, GROWL, THUNDER_WAVE, QUICK_ATTACK
  inventory:
    none
  hidden objects:
    none
  active battle:
    none

Resolved script
  label: FuchsiaCityFossilSignHelixFossil
  map: FUCHSIA_CITY
  trigger: npc_click

Actions
  - lockInput
  - dialogue:  [Name: KABUTO A POKÉMON that
was resurrected from a fossil.]
  - unlockInput

Final state
  location: FUCHSIA_CITY[9999] (26,13)
  flags: EVENT_GOT_HELIX_FOSSIL
  party:
    slot 0: #25 PIKACHU L20 moves THUNDERSHOCK, GROWL, THUNDER_WAVE, QUICK_ATTACK
  inventory:
    none
  hidden objects:
    none
  active battle:
    none
