Scenario: fuchsia_city_fossil_sign_undetermined
Description: The Fuchsia zoo fossil sign shows unknown text before either fossil branch flag is set.
Character: ScriptSimFuchsiaFossilSignUnknown

Initial state
  location: FUCHSIA_CITY[9999] (26,13)
  flags: none
  party:
    slot 0: #25 PIKACHU L20 moves THUNDERSHOCK, GROWL, THUNDER_WAVE, QUICK_ATTACK
  inventory:
    none
  hidden objects:
    none
  active battle:
    none

Resolved script
  label: FuchsiaCityFossilSignUndetermined
  map: FUCHSIA_CITY
  trigger: npc_click

Actions
  - lockInput
  - dialogue:  [...]
  - unlockInput

Final state
  location: FUCHSIA_CITY[9999] (26,13)
  flags: none
  party:
    slot 0: #25 PIKACHU L20 moves THUNDERSHOCK, GROWL, THUNDER_WAVE, QUICK_ATTACK
  inventory:
    none
  hidden objects:
    none
  active battle:
    none
