Scenario: game_corner_buy_coins_exact_fee
Description: Game Corner coin purchase deducts exactly ₽1000 and grants 50 coins.
Character: ScriptSimGameCornerExactFee

Initial state
  location: GAME_CORNER[135] (3,3)
  flags: none
  money: 1000
  party:
    none
  inventory:
    #69 COIN CASE x1
  hidden objects:
    none
  active battle:
    none

Resolved script
  label: GameCornerBuyCoins
  map: GAME_CORNER
  trigger: gamecorner_buy_coins

Actions
  - gameCornerBuyCoins *: success=true money=0 coins=50 message="Here are 50 coins!"

Final state
  location: GAME_CORNER[135] (3,3)
  flags: none
  coins: 50
  party:
    none
  inventory:
    #69 COIN CASE x1
  hidden objects:
    none
  active battle:
    none
