Scenario: game_corner_buy_coins_missing_coin_case
Description: Game Corner coin purchase refuses the player without a Coin Case.
Character: ScriptSimGameCornerMissingCoinCase

Initial state
  location: GAME_CORNER[135] (5,8)
  flags: none
  money: 1000
  party:
    none
  inventory:
    none
  hidden objects:
    none
  active battle:
    none

Resolved script
  label: GameCornerBuyCoins
  map: GAME_CORNER
  trigger: gamecorner_buy_coins

Actions
  - gameCornerBuyCoins: success=false money=1000 coins=0 message="You need a COIN CASE!"

Final state
  location: GAME_CORNER[135] (5,8)
  flags: none
  money: 1000
  party:
    none
  inventory:
    none
  hidden objects:
    none
  active battle:
    none
