Scenario: game_corner_clerk1_buy_coins
Description: Game Corner Clerk 1 sells 50 coins for 1000 Pokédollars when the player has a Coin Case with room.
Character: ScriptSimGameCornerClerk1BuyCoins

Initial state
  location: GAME_CORNER[135] (5,8)
  flags: none
  money: 1000
  coins: 10
  party:
    none
  inventory:
    #69 COIN CASE x1
  hidden objects:
    none
  active battle:
    none

Resolved script
  label: GameCornerClerk1BuyCoins
  map: GAME_CORNER
  trigger: npc_click

Actions
  - lockInput
  - dialogue:  [Welcome to ROCKET
GAME CORNER! Do you need some
game coins?]
  - choice: TEXT_GAMECORNER_CLERK1 "It's 1000 Pokedollars for 50\ncoins. Would you like some?" choice=true
  - takeMoney *: spent=1000 money=0
  - giveCoins *: coins=50 total=60
  - dialogue:  [Thanks! Here are
your 50 coins!]
  - unlockInput

Final state
  location: GAME_CORNER[135] (5,8)
  flags: none
  coins: 60
  party:
    none
  inventory:
    #69 COIN CASE x1
  hidden objects:
    none
  active battle:
    none
