Scenario: game_corner_clerk1_no_coin_case
Description: Game Corner Clerk 1 refuses a coin purchase when the player lacks a Coin Case.
Character: ScriptSimGameCornerClerk1NoCoinCase

Initial state
  location: GAME_CORNER[135] (5,8)
  flags: none
  money: 1000
  party:
    none
  inventory:
    none
  hidden objects:
    none
  active battle:
    none

Resolved script
  label: GameCornerClerk1NoCoinCase
  map: GAME_CORNER
  trigger: npc_click

Actions
  - lockInput
  - dialogue:  [Welcome to ROCKET
GAME CORNER! Do you need some
game coins?]
  - choice: TEXT_GAMECORNER_CLERK1 "It's 1000 Pokedollars for 50\ncoins. Would you like some?" choice=true
  - dialogue:  [You don't have a
COIN CASE!]
  - unlockInput

Final state
  location: GAME_CORNER[135] (5,8)
  flags: none
  money: 1000
  party:
    none
  inventory:
    none
  hidden objects:
    none
  active battle:
    none
