Scenario: lavender_town_little_girl_ghost_no
Description: Declining the Lavender Town ghost question stops before the believer response.
Character: ScriptSimLavenderGhostNo

Initial state
  location: LAVENDER_TOWN[9999] (9,8)
  flags: none
  party:
    slot 0: #25 PIKACHU L20 moves THUNDERSHOCK, GROWL, THUNDER_WAVE, QUICK_ATTACK
  inventory:
    none
  hidden objects:
    none
  active battle:
    none

Resolved script
  label: LavenderTownLittleGirlTextChoice
  map: LAVENDER_TOWN
  trigger: npc_click

Actions
  - lockInput
  - choice:  "Do you believe in\nGHOSTs?" choice=false
  - dialogue:  [Hahaha, I guess
not. That white hand
on your shoulder, it's not real.]

Final state
  location: LAVENDER_TOWN[9999] (9,8)
  flags: none
  party:
    slot 0: #25 PIKACHU L20 moves THUNDERSHOCK, GROWL, THUNDER_WAVE, QUICK_ATTACK
  inventory:
    none
  hidden objects:
    none
  active battle:
    none
