Scenario: loreleis_room_dont_run_away
Description: Lorelei's room blocks a player from running away after the entrance auto-walk and before Lorelei is defeated.
Character: ScriptSimLoreleiDontRunAway

Initial state
  location: LORELEIS_ROOM[245] (4,10)
  flags: EVENT_AUTOWALKED_INTO_LORELEIS_ROOM
  party:
    slot 0: #6 CHARIZARD L50 moves LEER, RAGE, SLASH, FLAMETHROWER
  inventory:
    none
  hidden objects:
    none
  active battle:
    none

Resolved script
  label: LoreleisRoomDontRunAway
  map: LORELEIS_ROOM
  trigger: coord

Actions
  - lockInput
  - dialogue:  [Someone's voice:
Don't run away!]
  - movePlayer *: from=(4,10) to=(4,9) steps=[UP]
  - unlockInput

Final state
  location: LORELEIS_ROOM[245] (4,9)
  flags: EVENT_AUTOWALKED_INTO_LORELEIS_ROOM
  party:
    slot 0: #6 CHARIZARD L50 moves LEER, RAGE, SLASH, FLAMETHROWER
  inventory:
    none
  hidden objects:
    none
  active battle:
    none
