Scenario: mr_psychics_house_tm29
Description: Mr. Psychic grants TM29 Psychic.
Character: ScriptSimMrPsychicTM29

Initial state
  location: MR_PSYCHICS_HOUSE[183] (5,4)
  flags: EVENT_GOT_MARSHBADGE
  party:
    slot 0: #6 CHARIZARD L43 moves EMBER, LEER, RAGE, SLASH
  inventory:
    none
  hidden objects:
    none
  active battle:
    none

Resolved script
  label: MrPsychicsHouseMrPsychicTextGift
  map: MR_PSYCHICS_HOUSE
  trigger: npc_click

Actions
  - lockInput
  - dialogue:  [...Wait! Don't
say a word! You wanted this!]
  - giveItem *: TM29 x1 added
  - playSFX: SFX_GET_ITEM_1
  - setFlag *: EVENT_GOT_TM29
  - unlockInput

Final state
  location: MR_PSYCHICS_HOUSE[183] (5,4)
  flags: EVENT_GOT_MARSHBADGE, EVENT_GOT_TM29
  party:
    slot 0: #6 CHARIZARD L43 moves EMBER, LEER, RAGE, SLASH
  inventory:
    #117 TM29 x1
  hidden objects:
    none
  active battle:
    none
