Scenario: mt_moon_b2f_dome_fossil
Description: Confirming the Dome Fossil grants Dome Fossil, records the choice, and hides both fossils.
Character: ScriptSimMtMoonDomeFossil

Initial state
  location: MT_MOON_B2F[61] (12,6)
  flags: EVENT_BEAT_MT_MOON_SUPER_NERD
  party:
    slot 0: #25 PIKACHU L18 moves THUNDERSHOCK, GROWL, THUNDER_WAVE, QUICK_ATTACK
  inventory:
    none
  hidden objects:
    none
  active battle:
    none

Resolved script
  label: MtMoonB2FDomeFossilChoice
  map: MT_MOON_B2F
  trigger: npc_click

Actions
  - lockInput
  - choice: TEXT_MTMOONB2F_DOME_FOSSIL "You want the\nDOME FOSSIL?" choice=true
  - giveItem *: DOME FOSSIL x1 added
  - hideObject *: objects=[TEXT_MTMOONB2F_DOME_FOSSIL]
  - hideObject *: objects=[TEXT_MTMOONB2F_HELIX_FOSSIL]
  - dialogue:  [(PLAYER) got the
! All right. Then
this is mine!]
  - setFlag *: EVENT_GOT_MT_MOON_FOSSIL
  - setFlag *: EVENT_GOT_DOME_FOSSIL
  - unlockInput

Final state
  location: MT_MOON_B2F[61] (12,6)
  flags: EVENT_BEAT_MT_MOON_SUPER_NERD, EVENT_GOT_DOME_FOSSIL, EVENT_GOT_MT_MOON_FOSSIL
  party:
    slot 0: #25 PIKACHU L18 moves THUNDERSHOCK, GROWL, THUNDER_WAVE, QUICK_ATTACK
  inventory:
    #41 DOME FOSSIL x1
  hidden objects:
    TEXT_MTMOONB2F_DOME_FOSSIL
    TEXT_MTMOONB2F_HELIX_FOSSIL
  active battle:
    none
