Scenario: museum_1f_old_amber
Description: The Museum 1F scientist grants Old Amber.
Character: ScriptSimOldAmber

Initial state
  location: MUSEUM_1F[52] (15,3)
  flags: EVENT_GOT_HM01
  party:
    slot 0: #5 CHARMELEON L25 moves EMBER, EMBER, LEER, RAGE
  inventory:
    none
  hidden objects:
    none
  active battle:
    none

Resolved script
  label: Museum1FScientist2OldAmberReward
  map: MUSEUM_1F
  trigger: npc_click

Actions
  - lockInput
  - dialogue:  [Ssh! I think that
this chunk of AMBER contains POKÉMON DNA! It would be great
if POKÉMON could be resurrected from it! But, my colleagues
just ignore me! So I have a favor
to ask! Take this to a
POKÉMON LAB and get it examined!]
  - giveItem *: OLD AMBER x1 added
  - setFlag *: EVENT_GOT_OLD_AMBER
  - hideObject *: objects=[TEXT_MUSEUM1F_OLD_AMBER]
  - dialogue:  [(PLAYER) received
OLD AMBER!]
  - playSFX: SFX_GET_ITEM_1
  - unlockInput

Final state
  location: MUSEUM_1F[52] (15,3)
  flags: EVENT_GOT_HM01, EVENT_GOT_OLD_AMBER
  party:
    slot 0: #5 CHARMELEON L25 moves EMBER, EMBER, LEER, RAGE
  inventory:
    #31 OLD AMBER x1
  hidden objects:
    TEXT_MUSEUM1F_OLD_AMBER
  active battle:
    none
