Scenario: oak_lab_oak_raise_young_pokemon
Description: After the first Oak's Lab rival battle but before Oak's Parcel, Oak tells the player to raise their young Pokemon instead of checking a Pokedex.
Character: ScriptSimOakRaiseYoungPokemon

Initial state
  location: OAKS_LAB[40] (5,6)
  flags: EVENT_BATTLED_RIVAL_IN_OAKS_LAB, EVENT_GOT_STARTER, EVENT_OAKS_LAB_RIVAL_EXITED, EVENT_OAK_ASKED_TO_CHOOSE_MON, EVENT_PLAYER_CHOSE_CHARMANDER, EVENT_RIVAL_PICKED_STARTER
  party:
    slot 0: #4 CHARMANDER L5 moves SCRATCH, GROWL
  inventory:
    none
  hidden objects:
    TEXT_OAKSLAB_RIVAL
    TEXT_OAKSLAB_CHARMANDER_POKE_BALL
    TEXT_OAKSLAB_SQUIRTLE_POKE_BALL
  active battle:
    none

Resolved script
  label: OaksLabOakRaiseYoungPokemon
  map: OAKS_LAB
  trigger: npc_click

Actions
  - lockInput
  - dialogue: OAK [{PLAYER}, raise your young POKéMON by making it fight!]
  - unlockInput

Final state
  location: OAKS_LAB[40] (5,6)
  flags: EVENT_BATTLED_RIVAL_IN_OAKS_LAB, EVENT_GOT_STARTER, EVENT_OAKS_LAB_RIVAL_EXITED, EVENT_OAK_ASKED_TO_CHOOSE_MON, EVENT_PLAYER_CHOSE_CHARMANDER, EVENT_RIVAL_PICKED_STARTER
  party:
    slot 0: #4 CHARMANDER L5 moves SCRATCH, GROWL
  inventory:
    none
  hidden objects:
    TEXT_OAKSLAB_RIVAL
    TEXT_OAKSLAB_CHARMANDER_POKE_BALL
    TEXT_OAKSLAB_SQUIRTLE_POKE_BALL
  active battle:
    none
