Scenario: oak_first_rival_battle_bulbasaur_win
Description: Confirm Bulbasaur, start the first rival battle, and auto-resolve the scripted battle as a win.
Character: ScriptSimOakBulbasaurBattleWin

Initial state
  location: OAKS_LAB[40] (5,11)
  flags: EVENT_OAK_ASKED_TO_CHOOSE_MON
  party:
    none
  inventory:
    none
  hidden objects:
    none
  active battle:
    none

Resolved script
  label: OaksLabChooseBulbasaur
  map: OAKS_LAB
  trigger: npc_click

Actions
  - lockInput
  - choice: TEXT_OAKSLAB_BULBASAUR_POKE_BALL "So! You want BULBASAUR?" choice=true
  - givePokemon *: BULBASAUR L5 added to party
  - hideObject *: objects=[TEXT_OAKSLAB_BULBASAUR_POKE_BALL]
  - hideObject *: objects=[TEXT_OAKSLAB_CHARMANDER_POKE_BALL]
  - dialogue:  [{PLAYER} received BULBASAUR!]
  - delay: 300ms
  - dialogue: RIVAL [I'll take this one, then! {RIVAL} received CHARMANDER!]
  - dialogue: RIVAL [Wait {PLAYER}! Let's check out our POKEMON! Come on, I'll take you on!]
  - startTrainerBattle *: RIVAL1 party=3 enemy=[#4 CHARMANDER L5] winFlag=EVENT_BATTLED_RIVAL_IN_OAKS_LAB
  - unlockInput
  - setsFlags *: EVENT_GOT_STARTER
  - setsFlags *: EVENT_RIVAL_PICKED_STARTER
  - setsFlags *: EVENT_PLAYER_CHOSE_BULBASAUR
  - resolveBattle *: win trainer=RIVAL1 winFlag=EVENT_BATTLED_RIVAL_IN_OAKS_LAB
  - healParty *: healed 1 pokemon

Final state
  location: OAKS_LAB[40] (5,11)
  flags: EVENT_BATTLED_RIVAL_IN_OAKS_LAB, EVENT_GOT_STARTER, EVENT_OAK_ASKED_TO_CHOOSE_MON, EVENT_PLAYER_CHOSE_BULBASAUR, EVENT_RIVAL_PICKED_STARTER
  party:
    slot 0: #1 BULBASAUR L5 moves TACKLE, GROWL
  inventory:
    none
  hidden objects:
    TEXT_OAKSLAB_CHARMANDER_POKE_BALL
    TEXT_OAKSLAB_BULBASAUR_POKE_BALL
  active battle:
    none
