Scenario: oak_lab_oak_come_see_after_free_pokeballs_spent
Description: After Oak's free Poke Balls have already been received, Oak does not give them again even if the inventory has none now.
Character: ScriptSimOakFreePokeballsSpent

Initial state
  location: OAKS_LAB[40] (5,11)
  flags: EVENT_BATTLED_RIVAL_IN_OAKS_LAB, EVENT_GOT_OAKS_PARCEL, EVENT_GOT_POKEBALLS_FROM_OAK, EVENT_GOT_POKEDEX, EVENT_GOT_STARTER, EVENT_OAKS_LAB_RIVAL_EXITED, EVENT_OAK_ASKED_TO_CHOOSE_MON, EVENT_OAK_GOT_PARCEL, EVENT_PLAYER_CHOSE_CHARMANDER, EVENT_RIVAL_PICKED_STARTER, EVENT_ROUTE22_RIVAL_1
  party:
    slot 0: #4 CHARMANDER L10 moves SCRATCH, GROWL, EMBER
  inventory:
    #9 POKéDEX x1
  hidden objects:
    TEXT_OAKSLAB_CHARMANDER_POKE_BALL
    TEXT_OAKSLAB_SQUIRTLE_POKE_BALL
  active battle:
    none

Resolved script
  label: OaksLabOakComeSeeMeAfterFreePokeballs
  map: OAKS_LAB
  trigger: npc_click

Actions
  - lockInput
  - dialogue: OAK [Come see me sometimes. I want to know how your POKéDEX is coming along.]
  - unlockInput

Final state
  location: OAKS_LAB[40] (5,11)
  flags: EVENT_BATTLED_RIVAL_IN_OAKS_LAB, EVENT_GOT_OAKS_PARCEL, EVENT_GOT_POKEBALLS_FROM_OAK, EVENT_GOT_POKEDEX, EVENT_GOT_STARTER, EVENT_OAKS_LAB_RIVAL_EXITED, EVENT_OAK_ASKED_TO_CHOOSE_MON, EVENT_OAK_GOT_PARCEL, EVENT_PLAYER_CHOSE_CHARMANDER, EVENT_RIVAL_PICKED_STARTER, EVENT_ROUTE22_RIVAL_1
  party:
    slot 0: #4 CHARMANDER L10 moves SCRATCH, GROWL, EMBER
  inventory:
    #9 POKéDEX x1
  hidden objects:
    TEXT_OAKSLAB_CHARMANDER_POKE_BALL
    TEXT_OAKSLAB_SQUIRTLE_POKE_BALL
  active battle:
    none
