Scenario: pokemon_tower_2f_rival_charmander_right_side_win
Description: Win the Pokemon Tower 2F rival battle from the right-side coordinate and verify persistent cleanup.
Character: ScriptSimTowerRivalCharmanderRightWin

Initial state
  location: POKEMON_TOWER_2F[143] (15,5)
  flags: EVENT_BEAT_CERULEAN_RIVAL, EVENT_BEAT_SS_ANNE_RIVAL, EVENT_GOT_CASCADEBADGE, EVENT_GOT_HM01, EVENT_GOT_POKEDEX, EVENT_GOT_SS_TICKET, EVENT_PLAYER_CHOSE_CHARMANDER, EVENT_SS_ANNE_LEFT
  party:
    slot 0: #5 CHARMELEON L28 moves EMBER, EMBER, LEER, RAGE
  inventory:
    #84 HM01 x1
    #9 POKéDEX x1
    #63 S.S.TICKET x1
  hidden objects:
    none
  active battle:
    none

Resolved script
  label: PokemonTower2FRivalEncounter
  map: POKEMON_TOWER_2F
  trigger: coord

Actions
  - lockInput
  - facePlayer
  - dialogue: RIVAL [{RIVAL}: Hey,
(PLAYER)! What brings you here? Your POKÉMON don't look dead! I can at least
make them faint! Let's go, pal!]
  - startTrainerBattle *: RIVAL2 party=4 enemy=[#17 PIDGEOTTO L25 #58 GROWLITHE L23 #102 EXEGGCUTE L22 #64 KADABRA L20 #8 WARTORTLE L25] winFlag=EVENT_BEAT_POKEMON_TOWER_RIVAL
  - unlockInput
  - resolveBattle *: win trainer=RIVAL2 winFlag=EVENT_BEAT_POKEMON_TOWER_RIVAL
  - dialogue: RIVAL [What?
You stinker! I took it easy on
you too! How's your POKÉDEX
coming, pal? I just caught a CUBONE! I can't find the
grown-up MAROWAK yet! I doubt there are
any left! Well, I better get going! I've got a lot to accomplish, pal! Smell ya later!]
  - move: RIVAL [DOWN DOWN RIGHT RIGHT RIGHT RIGHT DOWN DOWN]
  - hideObject *: objects=[TEXT_POKEMONTOWER2F_RIVAL]
  - setFlag *: EVENT_POKEMON_TOWER_RIVAL_LEFT

Final state
  location: POKEMON_TOWER_2F[143] (15,5)
  flags: EVENT_BEAT_CERULEAN_RIVAL, EVENT_BEAT_POKEMON_TOWER_RIVAL, EVENT_BEAT_SS_ANNE_RIVAL, EVENT_GOT_CASCADEBADGE, EVENT_GOT_HM01, EVENT_GOT_POKEDEX, EVENT_GOT_SS_TICKET, EVENT_PLAYER_CHOSE_CHARMANDER, EVENT_POKEMON_TOWER_RIVAL_LEFT, EVENT_SS_ANNE_LEFT
  party:
    slot 0: #5 CHARMELEON L28 moves EMBER, EMBER, LEER, RAGE
  inventory:
    #84 HM01 x1
    #9 POKéDEX x1
    #63 S.S.TICKET x1
  hidden objects:
    TEXT_POKEMONTOWER2F_RIVAL
  active battle:
    none
