Scenario: repel_use_consumes_item
Description: Using REPEL consumes one inventory item and starts a 100-step repel effect.
Character: ScriptSimRepelUse

Initial state
  location: ROUTE_1[9999] (10,10)
  flags: none
  party:
    slot 0: #25 PIKACHU L12 moves THUNDERSHOCK, GROWL, THUNDER_WAVE
  inventory:
    #30 REPEL x2
  hidden objects:
    none
  active battle:
    none

Resolved script
  label: RepelUse
  map: ROUTE_1
  trigger: repel_use

Actions
  - repelUse *: success=true item=30 steps=100 message="REPEL's effect started!"

Recorded messages
  - stream opcode=144 payload={"instanceId":"instance-1","inventory":{"commandRevision":1,"items":[{"instance":{"charges":0,"id":"instance-1","itemId":30,"ownerType":0,"quantity":1},"item":{"ballModifier":0,"bonusAccuracy":0,"bonusAttack":0,"bonusCatchRate":0,"bonusCrit":0,"bonusDefense":0,"bonusEncounterRate":-100,"bonusEvasion":0,"bonusExp":0,"bonusFlee":0,"bonusHp":0,"bonusSpecial":0,"bonusSpeed":0,"healAmount":0,"icon":0,"id":30,"isGuardDrink":false,"isKeyItem":false,"isUsable":true,"itemType":4,"name":"REPEL","ppRestore":0,"price":350,"revivePercent":0,"shortName":"REPEL","stackSize":99,"stackable":true,"usesPartyMenu":false}}],"money":0},"message":"REPEL's effect started!","requestId":"repel-use","stepsLeft":100,"success":true}

Final state
  location: ROUTE_1[9999] (10,10)
  flags: none
  party:
    slot 0: #25 PIKACHU L12 moves THUNDERSHOCK, GROWL, THUNDER_WAVE
  inventory:
    #30 REPEL x1
  hidden objects:
    none
  active battle:
    none

Repel
  initial: active=false steps=0
  final: active=true steps=100
  item: 30
  success: true
  message: REPEL's effect started!
