Scenario: route2_gate_oaks_aide_hm05_reward
Description: Route 2 Gate Oak's Aide gives HM05 Flash when the player has caught 10 Pokemon.
Character: ScriptSimRoute2AideHM05Reward

Initial state
  location: ROUTE_2_GATE[49] (2,4)
  flags: none
  party:
    slot 0: #25 PIKACHU L20 moves THUNDERSHOCK, GROWL, THUNDER_WAVE, QUICK_ATTACK
  inventory:
    none
  hidden objects:
    none
  active battle:
    none

Resolved script
  label: Route2GateOaksAideHM05Reward
  map: ROUTE_2_GATE
  trigger: npc_click

Actions
  - lockInput
  - dialogue: OAKS AIDE [Hi! Remember me? I'm PROF.OAK's AIDE! If you caught 10 kinds of POKEMON, I'm supposed to give you HM05!]
  - choice:  "Have you caught at least 10 kinds of POKEMON?" choice=true
  - dialogue: OAKS AIDE [Great! You have caught at least 10 kinds of POKEMON! Congratulations! Here you go!]
  - giveItem *: HM05 x1 added
  - dialogue:  [(PLAYER) got the HM05!]
  - setFlag *: EVENT_GOT_HM05
  - unlockInput

Final state
  location: ROUTE_2_GATE[49] (2,4)
  flags: EVENT_GOT_HM05
  party:
    slot 0: #25 PIKACHU L20 moves THUNDERSHOCK, GROWL, THUNDER_WAVE, QUICK_ATTACK
  inventory:
    #88 HM05 x1
  hidden objects:
    none
  active battle:
    none
