Scenario: route12_snorlax_win
Description: Route 12 Snorlax battle win sets the beat flag and hides the Snorlax object.
Character: ScriptSim_Route12_Snorlax_Win

Initial state
  location: ROUTE_12[9999] (280,-38)
  flags: EVENT_GOT_POKE_FLUTE
  party:
    slot 0: #25 PIKACHU L50 moves QUICK_ATTACK, SWIFT, AGILITY, THUNDER
  inventory:
    none
  hidden objects:
    none
  active battle:
    none

Resolved script
  label: Route12SnorlaxEncounter
  map: ROUTE_12
  trigger: coord

Actions
  - lockInput
  - dialogue:  [A huge POKéMON is blocking the way! It's a sleeping SNORLAX! The POKé FLUTE woke it up! The SNORLAX attacked!]
  - unlockInput
  - startWildBattle *: #143 SNORLAX L30 winFlag=EVENT_BEAT_ROUTE12_SNORLAX
  - resolveBattle *: win type=wild target=#143 SNORLAX winFlag=EVENT_BEAT_ROUTE12_SNORLAX
  - hideObject *: objects=[TEXT_ROUTE12_SNORLAX]

Final state
  location: ROUTE_12[9999] (280,-38)
  flags: EVENT_BEAT_ROUTE12_SNORLAX, EVENT_GOT_POKE_FLUTE
  party:
    slot 0: #25 PIKACHU L50 moves QUICK_ATTACK, SWIFT, AGILITY, THUNDER
  inventory:
    none
  hidden objects:
    TEXT_ROUTE12_SNORLAX
  active battle:
    none
