Scenario: route2_trade_house_marcel_trade_ready
Description: Route 2 Trade House Game Boy Kid is ready to trade Mr. Mime named MARCEL for Abra.
Character: ScriptSimRoute2MarcelTrade

Initial state
  location: ROUTE_2_TRADE_HOUSE[48] (4,2)
  flags: none
  party:
    slot 0: #63 ABRA L15 moves TELEPORT
  inventory:
    none
  hidden objects:
    none
  active battle:
    none

Resolved script
  label: FixtureState
  map: ROUTE_2_TRADE_HOUSE
  trigger: fixture_state

Actions

Final state
  location: ROUTE_2_TRADE_HOUSE[48] (4,2)
  flags: none
  party:
    slot 0: #63 ABRA L15 moves TELEPORT
  inventory:
    none
  hidden objects:
    none
  active battle:
    none
