Scenario: route11_gate2f_left_binoculars_clear_view
Description: The Route 11 Gate 2F left binoculars show the clear-view text after Route 12 Snorlax is beaten, when facing up.
Character: ScriptSimRoute11BinocularsClear

Initial state
  location: ROUTE_11_GATE_2F[86] (1,3)
  flags: EVENT_BEAT_ROUTE12_SNORLAX
  party:
    slot 0: #25 PIKACHU L20 moves THUNDERSHOCK, GROWL, THUNDER_WAVE, QUICK_ATTACK
  inventory:
    none
  hidden objects:
    none
  active battle:
    none

Resolved script
  label: Route11Gate2FLeftBinocularsTextEventBeatRoute12SnorlaxSetFacingUp
  map: ROUTE_11_GATE_2F
  trigger: npc_click

Actions
  - lockInput
  - dialogue:  [Looked into the
binoculars. It's a beautiful
view!]
  - unlockInput

Final state
  location: ROUTE_11_GATE_2F[86] (1,3)
  flags: EVENT_BEAT_ROUTE12_SNORLAX
  party:
    slot 0: #25 PIKACHU L20 moves THUNDERSHOCK, GROWL, THUNDER_WAVE, QUICK_ATTACK
  inventory:
    none
  hidden objects:
    none
  active battle:
    none
