Scenario: route12_gate_2f_tm39_swift
Description: The Route 12 Gate 2F girl gives TM39 Swift.
Character: ScriptSimRoute12GateTM39

Initial state
  location: ROUTE_12_GATE_2F[195] (3,5)
  flags: EVENT_GOT_POKEDEX
  party:
    slot 0: #6 CHARIZARD L38 moves EMBER, LEER, RAGE, SLASH
  inventory:
    none
  hidden objects:
    none
  active battle:
    none

Resolved script
  label: Route12Gate2FBrunetteGirlTextGift
  map: ROUTE_12_GATE_2F
  trigger: npc_click

Actions
  - lockInput
  - dialogue:  [My POKÉMON's
ashes are stored in POKÉMON TOWER. You can have this
TM. I don't need it any more...]
  - giveItem *: TM39 x1 added
  - playSFX: SFX_GET_ITEM_1
  - setFlag *: EVENT_GOT_TM39
  - unlockInput

Final state
  location: ROUTE_12_GATE_2F[195] (3,5)
  flags: EVENT_GOT_POKEDEX, EVENT_GOT_TM39
  party:
    slot 0: #6 CHARIZARD L38 moves EMBER, LEER, RAGE, SLASH
  inventory:
    #127 TM39 x1
  hidden objects:
    none
  active battle:
    none
