Scenario: route11_gate_2f_oaks_aide_itemfinder_reward
Description: Route 11 Gate 2F Oak's Aide gives Itemfinder when the player has caught 30 Pokemon.
Character: ScriptSimRoute11AideItemfinderReward

Initial state
  location: ROUTE_11_GATE_2F[86] (2,5)
  flags: none
  party:
    slot 0: #25 PIKACHU L30 moves GROWL, THUNDER_WAVE, QUICK_ATTACK, SWIFT
  inventory:
    none
  hidden objects:
    none
  active battle:
    none

Resolved script
  label: Route11Gate2FOaksAideItemfinderReward
  map: ROUTE_11_GATE_2F
  trigger: npc_click

Actions
  - lockInput
  - dialogue: OAKS AIDE [Hi! Remember me? I'm PROF.OAK's AIDE! If you caught 30 kinds of POKEMON, I'm supposed to give you ITEMFINDER!]
  - choice:  "Have you caught at least 30 kinds of POKEMON?" choice=true
  - dialogue: OAKS AIDE [Great! You have caught at least 30 kinds of POKEMON! Congratulations! Here you go!]
  - giveItem *: ITEMFINDER x1 added
  - dialogue:  [(PLAYER) got the ITEMFINDER!]
  - setFlag *: EVENT_GOT_ITEMFINDER
  - unlockInput

Final state
  location: ROUTE_11_GATE_2F[86] (2,5)
  flags: EVENT_GOT_ITEMFINDER
  party:
    slot 0: #25 PIKACHU L30 moves GROWL, THUNDER_WAVE, QUICK_ATTACK, SWIFT
  inventory:
    #71 ITEMFINDER x1
  hidden objects:
    none
  active battle:
    none
