Scenario: route23_thunder_badge_pass
Description: The Route 23 Thunder Badge guard allows the player with the Thunder Badge.
Character: ScriptSimThunderGatePass

Initial state
  location: ROUTE_23[34] (8,119)
  flags: EVENT_GOT_BOULDERBADGE, EVENT_GOT_CASCADEBADGE, EVENT_GOT_POKEDEX, EVENT_GOT_THUNDERBADGE, EVENT_ROUTE23_BADGE1_CHECKED, EVENT_ROUTE23_BADGE2_CHECKED
  party:
    slot 0: #6 CHARIZARD L50 moves LEER, RAGE, SLASH, FLAMETHROWER
  inventory:
    #9 POKéDEX x1
  hidden objects:
    none
  active battle:
    none

Resolved script
  label: Route23BadgeCheck3Pass
  map: ROUTE_23
  trigger: coord

Actions
  - lockInput
  - dialogue:  [You can pass here only if you have the THUNDERBADGE! Oh! That is the THUNDERBADGE! OK then! Please, go right ahead!]
  - setFlag *: EVENT_ROUTE23_BADGE3_CHECKED
  - unlockInput

Final state
  location: ROUTE_23[34] (8,119)
  flags: EVENT_GOT_BOULDERBADGE, EVENT_GOT_CASCADEBADGE, EVENT_GOT_POKEDEX, EVENT_GOT_THUNDERBADGE, EVENT_ROUTE23_BADGE1_CHECKED, EVENT_ROUTE23_BADGE2_CHECKED, EVENT_ROUTE23_BADGE3_CHECKED
  party:
    slot 0: #6 CHARIZARD L50 moves LEER, RAGE, SLASH, FLAMETHROWER
  inventory:
    #9 POKéDEX x1
  hidden objects:
    none
  active battle:
    none
