Scenario: route22_rival2_charmander_win
Description: Win the second Route 22 rival battle after choosing Charmander and verify post-battle cleanup.
Character: ScriptSimRoute22Rival2CharmanderWin

Initial state
  location: ROUTE_22[9999] (-21,-59)
  flags: EVENT_2ND_ROUTE22_RIVAL_BATTLE, EVENT_GOT_BOULDERBADGE, EVENT_GOT_CASCADEBADGE, EVENT_GOT_EARTHBADGE, EVENT_GOT_MARSHBADGE, EVENT_GOT_POKEDEX, EVENT_GOT_RAINBOWBADGE, EVENT_GOT_SOULBADGE, EVENT_GOT_THUNDERBADGE, EVENT_GOT_VOLCANOBADGE, EVENT_PLAYER_CHOSE_CHARMANDER, EVENT_ROUTE22_RIVAL_1, EVENT_ROUTE22_RIVAL_WANTS_BATTLE
  party:
    slot 0: #6 CHARIZARD L45 moves EMBER, LEER, RAGE, SLASH
  inventory:
    #9 POKéDEX x1
  hidden objects:
    TEXT_ROUTE22_RIVAL1
  active battle:
    none

Resolved script
  label: Route22Rival2Encounter
  map: ROUTE_22
  trigger: coord

Actions
  - lockInput
  - showActor
  - move: RIVAL2 [LEFT LEFT LEFT LEFT]
  - facePlayer
  - dialogue: RIVAL [What? {PLAYER}! What a surprise to see you here! So you're going to POKéMON LEAGUE? You collected all the BADGEs too? That's cool! Then I'll whip you {PLAYER} as a warm up for POKéMON LEAGUE!]
  - startTrainerBattle *: RIVAL2 party=10 enemy=[#18 PIDGEOT L47 #111 RHYHORN L45 #58 GROWLITHE L45 #102 EXEGGCUTE L47 #65 ALAKAZAM L50 #9 BLASTOISE L53] winFlag=EVENT_ROUTE22_RIVAL_2
  - unlockInput
  - resolveBattle *: win trainer=RIVAL2 winFlag=EVENT_ROUTE22_RIVAL_2
  - move: RIVAL2 [LEFT LEFT LEFT]
  - hideObject *: objects=[TEXT_ROUTE22_RIVAL2]
  - resetFlag *: EVENT_2ND_ROUTE22_RIVAL_BATTLE
  - resetFlag *: EVENT_ROUTE22_RIVAL_WANTS_BATTLE

Final state
  location: ROUTE_22[9999] (-21,-59)
  flags: EVENT_GOT_BOULDERBADGE, EVENT_GOT_CASCADEBADGE, EVENT_GOT_EARTHBADGE, EVENT_GOT_MARSHBADGE, EVENT_GOT_POKEDEX, EVENT_GOT_RAINBOWBADGE, EVENT_GOT_SOULBADGE, EVENT_GOT_THUNDERBADGE, EVENT_GOT_VOLCANOBADGE, EVENT_PLAYER_CHOSE_CHARMANDER, EVENT_ROUTE22_RIVAL_1, EVENT_ROUTE22_RIVAL_2
  party:
    slot 0: #6 CHARIZARD L45 moves EMBER, LEER, RAGE, SLASH
  inventory:
    #9 POKéDEX x1
  hidden objects:
    TEXT_ROUTE22_RIVAL1
    TEXT_ROUTE22_RIVAL2
  active battle:
    none
