Scenario: safari_secret_house_hm03
Description: Reaching the Safari Zone Secret House grants HM03 Surf.
Character: ScriptSimSafariHM03

Initial state
  location: SAFARI_ZONE_SECRET_HOUSE[222] (3,4)
  flags: EVENT_GOT_SOULBADGE
  party:
    slot 0: #6 CHARIZARD L42 moves EMBER, LEER, RAGE, SLASH
  inventory:
    none
  hidden objects:
    none
  active battle:
    none

Resolved script
  label: SafariZoneSecretHouseHM03
  map: SAFARI_ZONE_SECRET_HOUSE
  trigger: npc_click

Actions
  - lockInput
  - dialogue: FISHING GURU [Ah! Finally! You're the first person to reach the SECRET HOUSE! I was getting worried that no one would win our campaign prize. Congratulations!]
  - dialogue:  [{PLAYER} received HM03! HM03 is SURF! POKéMON will be able to ferry you across water! And, this HM isn't disposable! You can use it over and over!]
  - setFlag *: EVENT_GOT_HM03
  - playSFX: SFX_GET_ITEM_1
  - unlockInput
  - giveItem *: HM03 x1 added
  - setsFlags *: EVENT_GOT_HM03

Final state
  location: SAFARI_ZONE_SECRET_HOUSE[222] (3,4)
  flags: EVENT_GOT_HM03, EVENT_GOT_SOULBADGE
  party:
    slot 0: #6 CHARIZARD L42 moves EMBER, LEER, RAGE, SLASH
  inventory:
    #86 HM03 x1
  hidden objects:
    none
  active battle:
    none
