Scenario: safari_zone_gate_entry_offer_no
Description: Declining the Safari Gate prompt leaves the player at the counter without charging the entry fee.
Character: ScriptSimSafariGateNo

Initial state
  location: SAFARI_ZONE_GATE[156] (4,2)
  flags: none
  money: 500
  party:
    none
  inventory:
    none
  hidden objects:
    none
  active battle:
    none

Resolved script
  label: SafariZoneGateEntryOffer
  map: SAFARI_ZONE_GATE
  trigger: coord

Actions
  - lockInput
  - dialogue: SAFARI ZONE WORKER [Welcome to the
SAFARI ZONE!]
  - dialogue: SAFARI ZONE WORKER [For just 500 Pokedollars,
you can catch all the POKÉMON you want in the park!]
  - choice:  "Would you like to\njoin the hunt?" choice=false
  - dialogue: SAFARI ZONE WORKER [OK! Please come
again!]

Final state
  location: SAFARI_ZONE_GATE[156] (4,2)
  flags: none
  money: 500
  party:
    none
  inventory:
    none
  hidden objects:
    none
  active battle:
    none
