Scenario: seafoam_b2f_boulder2_down_hole
Description: Seafoam B2F boulder 2 drops to the source B3F boulder 4 object.
Character: ScriptSimSeafoamB2FBoulder2

Initial state
  location: SEAFOAM_ISLANDS_B2F[160] (22,6)
  flags: EVENT_SEAFOAM2_BOULDER2_DOWN_HOLE
  party:
    none
  inventory:
    none
  hidden objects:
    none
  active battle:
    none

Resolved script
  label: SeafoamBoulderHole
  map: SEAFOAM_ISLANDS_B2F
  trigger: seafoam_boulder_hole

Actions
  - seafoamBoulderHole *: map=SEAFOAM_ISLANDS_B2F hole=2 (22,6) flag=EVENT_SEAFOAM3_BOULDER2_DOWN_HOLE source=SeafoamIslandsB2F_NPC_2 destination=SEAFOAM_ISLANDS_B3F/SeafoamIslandsB3F_NPC_4

Final state
  location: SEAFOAM_ISLANDS_B2F[160] (22,6)
  flags: EVENT_SEAFOAM2_BOULDER2_DOWN_HOLE, EVENT_SEAFOAM3_BOULDER2_DOWN_HOLE
  party:
    none
  inventory:
    none
  hidden objects:
    none
  active battle:
    none

Event object states
  SeafoamBoulder_B2F_1_HiddenBeforeDrop SEAFOAM_ISLANDS_B2F/SeafoamIslandsB2F_NPC_1 (18,6): hidden text=TEXT_SEAFOAMISLANDSB2F_BOULDER1
  SeafoamBoulder_B2F_2_HiddenAfterB2FDrop SEAFOAM_ISLANDS_B2F/SeafoamIslandsB2F_NPC_2 (23,6): hidden text=TEXT_SEAFOAMISLANDSB2F_BOULDER2
  SeafoamBoulder_B3F_Source1_VisibleBeforeDrop SEAFOAM_ISLANDS_B3F/SeafoamIslandsB3F_NPC_1 (5,14): visible text=TEXT_SEAFOAMISLANDSB3F_BOULDER1
  SeafoamBoulder_B3F_Source2_VisibleBeforeDrop SEAFOAM_ISLANDS_B3F/SeafoamIslandsB3F_NPC_2 (3,15): visible text=TEXT_SEAFOAMISLANDSB3F_BOULDER2
  SeafoamBoulder_B3F_Fallen1_HiddenBeforeDrop SEAFOAM_ISLANDS_B3F/SeafoamIslandsB3F_NPC_3 (8,14): hidden text=TEXT_SEAFOAMISLANDSB3F_BOULDER3
  SeafoamBoulder_B3F_Fallen2_VisibleAfterB2FDrop SEAFOAM_ISLANDS_B3F/SeafoamIslandsB3F_NPC_4 (9,14): visible text=TEXT_SEAFOAMISLANDSB3F_BOULDER4
  SourceMissableInitial:HS_SEAFOAM_ISLANDS_B3F_BOULDER_2 SEAFOAM_ISLANDS_B3F/SeafoamIslandsB3F_NPC_5 (18,6): hidden text=TEXT_SEAFOAMISLANDSB3F_BOULDER5
  SourceMissableInitial:HS_SEAFOAM_ISLANDS_B3F_BOULDER_3 SEAFOAM_ISLANDS_B3F/SeafoamIslandsB3F_NPC_6 (19,6): hidden text=TEXT_SEAFOAMISLANDSB3F_BOULDER6
