Scenario: seafoam_1f_pathfind_avoids_visible_boulder
Description: Per-character pathfinding treats a visible Seafoam boulder as blocked actor collision.
Character: SimSeafoamPathfindAvoidsBoulder

Initial state
  location: SEAFOAM_ISLANDS_1F[192] (18,11)
  flags: none
  party:
    none
  inventory:
    none
  hidden objects:
    none
  active battle:
    none

Resolved script
  label: Pathfind:SEAFOAM_ISLANDS_1F
  map: SEAFOAM_ISLANDS_1F
  trigger: pathfind

Actions
  - pathfind: from=(18,11) to=(18,9) found=true length=4

Final state
  location: SEAFOAM_ISLANDS_1F[192] (18,11)
  flags: none
  party:
    none
  inventory:
    none
  hidden objects:
    none
  active battle:
    none

Pathfind
  result: found=true length=4
  path: (19,11) (19,10) (19,9) (18,9)
