Scenario: silph_card_key_8f_door1_open
Description: Using the CARD KEY on Silph Co. 8F door 1 opens its source door flag and passable tile block.
Character: ScriptSimSilphCardKey8FDoor1

Initial state
  location: SILPH_CO_8F[213] (6,10)
  flags: none
  party:
    none
  inventory:
    #48 CARD KEY x1
  hidden objects:
    none
  active battle:
    none

Resolved script
  label: SilphCardKeyDoor
  map: SILPH_CO_8F
  trigger: silph_card_key

Actions
  - silphCardKey *: door=SILPH_CO_8F 8F1 flag=EVENT_SILPH_CO_8_UNLOCKED_DOOR hasKey=true opened=true

Final state
  location: SILPH_CO_8F[213] (6,10)
  flags: EVENT_SILPH_CO_8_UNLOCKED_DOOR
  party:
    none
  inventory:
    #48 CARD KEY x1
  hidden objects:
    none
  active battle:
    none

Event tile states
  SilphCardKeyDoor_8F_1_Open_1_1 (7,9): tile=758 collision=1
  SilphCardKeyDoor_8F_1_Open_0_1 (6,9): tile=758 collision=1
  SilphCardKeyDoor_8F_1_Open_1_0 (7,8): tile=758 collision=1
  SilphCardKeyDoor_8F_1_Open_0_0 (6,8): tile=758 collision=1
