Scenario: silph_card_key_2f_door1_no_key
Description: Trying a Silph Co. Card Key door without the CARD KEY leaves the door flag unset and collision closed.
Character: ScriptSimSilphCardKeyNoKey

Initial state
  location: SILPH_CO_2F[207] (4,6)
  flags: none
  party:
    none
  inventory:
    none
  hidden objects:
    none
  active battle:
    none

Resolved script
  label: SilphCardKeyDoor
  map: SILPH_CO_2F
  trigger: silph_card_key

Actions
  - silphCardKey: door=SILPH_CO_2F 2F1 flag=EVENT_SILPH_CO_2_UNLOCKED_DOOR1 hasKey=false opened=false

Final state
  location: SILPH_CO_2F[207] (4,6)
  flags: none
  party:
    none
  inventory:
    none
  hidden objects:
    none
  active battle:
    none

Event tile states
  SilphCardKeyDoor_2F_1_Closed_1_1 (5,5): tile=758 collision=0
  SilphCardKeyDoor_2F_1_Closed_0_1 (4,5): tile=758 collision=0
  SilphCardKeyDoor_2F_1_Closed_1_0 (5,4): tile=758 collision=0
  SilphCardKeyDoor_2F_1_Closed_0_0 (4,4): tile=758 collision=0
  SilphCardKeyDoor_2F_2_Closed_1_1 (5,11): tile=758 collision=0
  SilphCardKeyDoor_2F_2_Closed_0_1 (4,11): tile=758 collision=0
  SilphCardKeyDoor_2F_2_Closed_1_0 (5,10): tile=758 collision=0
  SilphCardKeyDoor_2F_2_Closed_0_0 (4,10): tile=758 collision=0
