Scenario: silph_co_7f_lapras
Description: After saving Silph, the 7F worker grants Lapras.
Character: ScriptSimSilphLapras

Initial state
  location: SILPH_CO_7F[212] (1,6)
  flags: EVENT_BEAT_SILPH_CO_GIOVANNI
  party:
    slot 0: #6 CHARIZARD L45 moves EMBER, LEER, RAGE, SLASH
  inventory:
    none
  hidden objects:
    none
  active battle:
    none

Resolved script
  label: SilphCo7FSilphWorkerM1TextPokemonGift
  map: SILPH_CO_7F
  trigger: npc_click

Actions
  - lockInput
  - dialogue:  [Oh! Hi! You're
not a ROCKET! You came to save us? Why, thank you! I want you to
have this POKÉMON for saving us.]
  - givePokemon *: LAPRAS L15 added to party
  - dialogue:  [It's LAPRAS. It's
very intelligent. We kept it in our
lab, but it will be much better off with you! I think you will
be a good trainer for LAPRAS! It's a good
swimmer. It'll give you a lift!]
  - setFlag *: EVENT_GOT_LAPRAS
  - unlockInput

Final state
  location: SILPH_CO_7F[212] (1,6)
  flags: EVENT_BEAT_SILPH_CO_GIOVANNI, EVENT_GOT_LAPRAS
  party:
    slot 0: #6 CHARIZARD L45 moves EMBER, LEER, RAGE, SLASH
    slot 1: #131 LAPRAS L15 moves GROWL
  inventory:
    none
  hidden objects:
    none
  active battle:
    none
