Scenario: silph_co_2f_tm36_selfdestruct
Description: The Silph Co. 2F worker gives TM36 Selfdestruct after Giovanni is beaten.
Character: ScriptSimSilphTM36

Initial state
  location: SILPH_CO_2F[207] (10,2)
  flags: EVENT_BEAT_SILPH_CO_GIOVANNI
  party:
    slot 0: #6 CHARIZARD L44 moves EMBER, LEER, RAGE, SLASH
  inventory:
    none
  hidden objects:
    none
  active battle:
    none

Resolved script
  label: SilphCo2FSilphWorkerFTextGift
  map: SILPH_CO_2F
  trigger: npc_click

Actions
  - lockInput
  - dialogue:  [Eeek!
No! Stop! Help! Oh, you're not
with TEAM ROCKET. I thought... I'm sorry. Here, please take this!]
  - giveItem *: TM36 x1 added
  - playSFX: SFX_GET_ITEM_1
  - setFlag *: EVENT_GOT_TM36
  - unlockInput

Final state
  location: SILPH_CO_2F[207] (10,2)
  flags: EVENT_BEAT_SILPH_CO_GIOVANNI, EVENT_GOT_TM36
  party:
    slot 0: #6 CHARIZARD L44 moves EMBER, LEER, RAGE, SLASH
  inventory:
    #124 TM36 x1
  hidden objects:
    none
  active battle:
    none
