Scenario: silph_card_key_3f_door2_open
Description: Using the CARD KEY on Silph Co. 3F door 2 opens its source door flag and passable tile block.
Character: ScriptSimSilphCardKey3FDoor2

Initial state
  location: SILPH_CO_3F[208] (16,10)
  flags: none
  party:
    none
  inventory:
    #48 CARD KEY x1
  hidden objects:
    none
  active battle:
    none

Resolved script
  label: SilphCardKeyDoor
  map: SILPH_CO_3F
  trigger: silph_card_key

Actions
  - silphCardKey *: door=SILPH_CO_3F 3F2 flag=EVENT_SILPH_CO_3_UNLOCKED_DOOR2 hasKey=true opened=true

Final state
  location: SILPH_CO_3F[208] (16,10)
  flags: EVENT_SILPH_CO_3_UNLOCKED_DOOR2
  party:
    none
  inventory:
    #48 CARD KEY x1
  hidden objects:
    none
  active battle:
    none

Event tile states
  SilphCardKeyDoor_3F_1_Closed_1_1 (9,9): tile=758 collision=0
  SilphCardKeyDoor_3F_1_Closed_0_1 (8,9): tile=758 collision=0
  SilphCardKeyDoor_3F_1_Closed_1_0 (9,8): tile=758 collision=0
  SilphCardKeyDoor_3F_1_Closed_0_0 (8,8): tile=758 collision=0
  SilphCardKeyDoor_3F_2_Open_1_1 (17,9): tile=758 collision=1
  SilphCardKeyDoor_3F_2_Open_0_1 (16,9): tile=758 collision=1
  SilphCardKeyDoor_3F_2_Open_1_0 (17,8): tile=758 collision=1
  SilphCardKeyDoor_3F_2_Open_0_0 (16,8): tile=758 collision=1
