Scenario: silph_co_11f_master_ball
Description: After saving Silph, the president grants the Master Ball.
Character: ScriptSimSilphMasterBall

Initial state
  location: SILPH_CO_11F[235] (7,6)
  flags: EVENT_BEAT_SILPH_CO_GIOVANNI
  party:
    slot 0: #6 CHARIZARD L45 moves EMBER, LEER, RAGE, SLASH
  inventory:
    none
  hidden objects:
    none
  active battle:
    none

Resolved script
  label: SilphCo11FMasterBall
  map: SILPH_CO_11F
  trigger: npc_click

Actions
  - lockInput
  - dialogue: PRESIDENT [Thank you for saving SILPH! I will never forget you saved us in our moment of peril! I have to thank you in some way! Because I am rich, I can give you anything! Here, maybe this will do!]
  - dialogue:  [{PLAYER} got a MASTER BALL!]
  - dialogue: PRESIDENT [You can't buy that anywhere! It's our secret prototype MASTER BALL! It will catch any POKéMON without fail! You should be quiet about using it, though.]
  - setFlag *: EVENT_GOT_MASTER_BALL
  - playSFX: SFX_GET_KEY_ITEM
  - unlockInput
  - giveItem *: MASTER BALL x1 added
  - setsFlags *: EVENT_GOT_MASTER_BALL

Final state
  location: SILPH_CO_11F[235] (7,6)
  flags: EVENT_BEAT_SILPH_CO_GIOVANNI, EVENT_GOT_MASTER_BALL
  party:
    slot 0: #6 CHARIZARD L45 moves EMBER, LEER, RAGE, SLASH
  inventory:
    #1 MASTER BALL x1
  hidden objects:
    none
  active battle:
    none
