Scenario: silph_card_key_9f_door2_open
Description: Using the CARD KEY on Silph Co. 9F door 2 opens its source door flag and passable tile block.
Character: ScriptSimSilphCardKey9FDoor2

Initial state
  location: SILPH_CO_9F[233] (18,6)
  flags: none
  party:
    none
  inventory:
    #48 CARD KEY x1
  hidden objects:
    none
  active battle:
    none

Resolved script
  label: SilphCardKeyDoor
  map: SILPH_CO_9F
  trigger: silph_card_key

Actions
  - silphCardKey *: door=SILPH_CO_9F 9F2 flag=EVENT_SILPH_CO_9_UNLOCKED_DOOR2 hasKey=true opened=true

Final state
  location: SILPH_CO_9F[233] (18,6)
  flags: EVENT_SILPH_CO_9_UNLOCKED_DOOR2
  party:
    none
  inventory:
    #48 CARD KEY x1
  hidden objects:
    none
  active battle:
    none

Event tile states
  SilphCardKeyDoor_9F_1_Closed_1_1 (3,9): tile=758 collision=0
  SilphCardKeyDoor_9F_1_Closed_0_1 (2,9): tile=758 collision=0
  SilphCardKeyDoor_9F_1_Closed_1_0 (3,8): tile=758 collision=0
  SilphCardKeyDoor_9F_1_Closed_0_0 (2,8): tile=758 collision=0
  SilphCardKeyDoor_9F_2_Open_1_1 (19,5): tile=758 collision=1
  SilphCardKeyDoor_9F_2_Open_0_1 (18,5): tile=758 collision=1
  SilphCardKeyDoor_9F_2_Open_1_0 (19,4): tile=758 collision=1
  SilphCardKeyDoor_9F_2_Open_0_0 (18,4): tile=758 collision=1
  SilphCardKeyDoor_9F_3_Closed_1_1 (19,11): tile=758 collision=0
  SilphCardKeyDoor_9F_3_Closed_0_1 (18,11): tile=758 collision=0
  SilphCardKeyDoor_9F_3_Closed_1_0 (19,10): tile=758 collision=0
  SilphCardKeyDoor_9F_3_Closed_0_0 (18,10): tile=758 collision=0
  SilphCardKeyDoor_9F_4_Closed_1_1 (11,13): tile=758 collision=0
  SilphCardKeyDoor_9F_4_Closed_0_1 (10,13): tile=758 collision=0
  SilphCardKeyDoor_9F_4_Closed_1_0 (11,12): tile=758 collision=0
  SilphCardKeyDoor_9F_4_Closed_0_0 (10,12): tile=758 collision=0
