Scenario: ss_anne_captain_hm01
Description: Clicking the S.S. Anne Captain before HM01 is received grants HM01 and its event flag.
Character: ScriptSimSSAnneCaptainHM01

Initial state
  location: SS_ANNE_CAPTAINS_ROOM[101] (4,5)
  flags: EVENT_GOT_SS_TICKET
  party:
    slot 0: #5 CHARMELEON L30 moves EMBER, EMBER, LEER, RAGE
  inventory:
    none
  hidden objects:
    none
  active battle:
    none

Resolved script
  label: SSAnneCaptainsRoomCaptainHM01Reward
  map: SS_ANNE_CAPTAINS_ROOM
  trigger: npc_click

Actions
  - lockInput
  - dialogue:  [CAPTAIN: Ooargh...
I feel hideous... Urrp! Seasick... (PLAYER) rubbed
the CAPTAIN's back! Rub-rub...
Rub-rub...]
  - playSFX: SFX_STOP_ALL_MUSIC
  - setFlag *: EVENT_RUBBED_CAPTAINS_BACK
  - dialogue:  [CAPTAIN: Whew!
Thank you! I feel much better! You want to see
my CUT technique? I could show you
if I wasn't ill... I know! You can
have this! Teach it to your
POKÉMON and you can see it CUT any time!]
  - giveItem *: HM01 x1 added
  - dialogue:  [(PLAYER) got
!]
  - playSFX: SFX_GET_KEY_ITEM
  - setFlag *: EVENT_GOT_HM01
  - unlockInput

Final state
  location: SS_ANNE_CAPTAINS_ROOM[101] (4,5)
  flags: EVENT_GOT_HM01, EVENT_GOT_SS_TICKET, EVENT_RUBBED_CAPTAINS_BACK
  party:
    slot 0: #5 CHARMELEON L30 moves EMBER, EMBER, LEER, RAGE
  inventory:
    #84 HM01 x1
  hidden objects:
    none
  active battle:
    none
