Scenario: vermilion_trade_house_dux_trade_ready
Description: Vermilion Trade House little girl is ready to trade Farfetch'd named DUX for Spearow.
Character: ScriptSimVermilionDuxTrade

Initial state
  location: VERMILION_TRADE_HOUSE[196] (3,4)
  flags: none
  party:
    slot 0: #21 SPEAROW L15 moves PECK, GROWL, LEER, FURY_ATTACK
  inventory:
    none
  hidden objects:
    none
  active battle:
    none

Resolved script
  label: FixtureState
  map: VERMILION_TRADE_HOUSE
  trigger: fixture_state

Actions

Final state
  location: VERMILION_TRADE_HOUSE[196] (3,4)
  flags: none
  party:
    slot 0: #21 SPEAROW L15 moves PECK, GROWL, LEER, FURY_ATTACK
  inventory:
    none
  hidden objects:
    none
  active battle:
    none
