Scenario: vermilion_gym_trash_first_lock_success
Description: Clicking the first-switch trash can opens the first electric lock and chooses a seeded adjacent second switch.
Character: ScriptSimVermilionTrashFirstSuccess

Initial state
  location: VERMILION_GYM[92] (3,9)
  flags: none
  vermilion gym trash: first=4 second=none
  party:
    none
  inventory:
    none
  hidden objects:
    none
  active battle:
    none

Resolved script
  label: VermilionGymTrash
  map: VERMILION_GYM
  trigger: vermilion_gym_trash

Actions
  - vermilionGymTrash *: can=4 text=TEXT_VERMILIONGYM_TRASH_SUCCESS_1 first=4 second=7

Final state
  location: VERMILION_GYM[92] (3,9)
  flags: EVENT_1ST_LOCK_OPENED
  vermilion gym trash: first=4 second=7
  party:
    none
  inventory:
    none
  hidden objects:
    none
  active battle:
    none

Event tile states
  VermilionGymTrashDoorClosed_4_4 (4,4): tile=253 collision=0
  VermilionGymTrashDoorClosed_5_4 (5,4): tile=253 collision=0
  VermilionGymTrashDoorClosed_4_5 (4,5): tile=253 collision=0
  VermilionGymTrashDoorClosed_5_5 (5,5): tile=253 collision=0
