Scenario: vermilion_city_ss_anne_guard_already_passed
Description: After the S.S. Anne guard has already admitted the player, stepping onto the dock gate coordinate does not replay the guard dialogue.
Character: ScriptSimSSAnneGuardAlreadyPassed

Initial state
  location: VERMILION_CITY[9999] (188,-24)
  flags: EVENT_PASSED_SS_ANNE_GUARD
  party:
    slot 0: #6 CHARIZARD L28 moves LEER, EMBER, LEER, RAGE
  inventory:
    #63 S.S.TICKET x1
  hidden objects:
    none
  active battle:
    none

Resolved script
  label: NoScript:VERMILION_CITY
  map: VERMILION_CITY
  trigger: coord_no_script

Actions
  - noScript: VERMILION_CITY (188,-24)

Final state
  location: VERMILION_CITY[9999] (188,-24)
  flags: EVENT_PASSED_SS_ANNE_GUARD
  party:
    slot 0: #6 CHARIZARD L28 moves LEER, EMBER, LEER, RAGE
  inventory:
    #63 S.S.TICKET x1
  hidden objects:
    none
  active battle:
    none
